document
#document (https://trello.com/b/yXWX7UMj/for-js-automation)<!DOCTYPE html><html lang=​"en-US" data-theme=​"dark:​dark light:​light shape:​shape spacing:​spacing typography:​typography" data-color-mode=​"light">​view-source<head>​…​</head>​<body class=​"feplat3731">​…​</body>​<div id=​"trello-root" class=​"edg edg-145 windows body-board-view">​…​</div>​<div id=​"editor-popups" class=​"editor-popups" data-focus-lock=​"cardback">​</div>​<div id=​"global-live-region" aria-live=​"polite" aria-atomic=​"true" style=​"position:​ absolute;​ width:​ 1px;​ height:​ 1px;​ padding:​ 0;​ overflow:​ hidden;​ clip:​ rect(1px, 1px, 1px, 1px)​;​ border:​ 0;​ white-space:​ nowrap;​">​</div>​<script nonce>​…​</script>​<style>​…​</style>​<div class=​"atlaskit-portal-container" style=​"display:​ flex;​">​…​</div>​flex<div id=​"iframe-io-host">​…​</div>​</body>​</html>​#top-layer
document.URL
'https://trello.com/b/yXWX7UMj/for-js-automation'
document.body
<body class=​"feplat3731">​…​</body>​<div id=​"trello-root" class=​"edg edg-145 windows body-board-view">​…​</div>​<div id=​"editor-popups" class=​"editor-popups" data-focus-lock=​"cardback">​</div>​<div id=​"global-live-region" aria-live=​"polite" aria-atomic=​"true" style=​"position:​ absolute;​ width:​ 1px;​ height:​ 1px;​ padding:​ 0;​ overflow:​ hidden;​ clip:​ rect(1px, 1px, 1px, 1px)​;​ border:​ 0;​ white-space:​ nowrap;​">​</div>​<script nonce>​…​</script>​<style>​…​</style>​<div class=​"atlaskit-portal-container" style=​"display:​ flex;​">​…​</div>​flex<div id=​"iframe-io-host">​…​</div>​</body>​
document.querySelector
ƒ querySelector() { [native code] }
document.querySelector('div')
<div id=​"trello-root" class=​"edg edg-145 windows body-board-view">​<div id=​"nocss">​…​</div>​<noscript class=​"big-message">​ <h1>To use Trello, please enable JavaScript.</h1> ​</noscript>​<div id=​"chrome-container">​…​</div>​<div id=​"react-root-card-back">​</div>​</div>​
document.querySelectorAll('input')
NodeList(2) [input._19itidpf._11c81d4k._12ji1r31._1qu2glyw._12y31o36._vchhusvi._1bsb1osq._1ul9idpf._bfhk1j28._sy…, input.rjY2KOSzslBciY]0: input._19itidpf._11c81d4k._12ji1r31._1qu2glyw._12y31o36._vchhusvi._1bsb1osq._1ul9idpf._bfhk1j28._syaz1kw7._80om1kw7._14ji12x7._olc612x7._1kod12x7._7ba012x7._1goxglyw._13xeglyw._1n7e1l2s._1idr1rpy._1tn2fhey._l9oiu2gc._549yu2gc._1h5w12x7._124212x71: input.rjY2KOSzslBciYlength: 2[[Prototype]]: NodeListentries: ƒ entries()forEach: ƒ forEach()item: ƒ item()keys: ƒ keys()length: (...)values: ƒ values()constructor: ƒ NodeList()Symbol(Symbol.iterator): ƒ values()Symbol(Symbol.toStringTag): "NodeList"get length: ƒ length()[[Prototype]]: Object
document.querySelectorAll('a')
NodeList(5) [a, a, a, a.gXTcZ65CPbGvKg.Ffa7hfq4foJu4g.nieacUwCf8QKC2, a#cookiesTrackingNoticeLink.css-y4jab1]0: aattributeStyleMap: StylePropertyMap {size: 0}attributes: NamedNodeMap {0: href, href: href, length: 1}baseURI: "https://trello.com/b/yXWX7UMj/for-js-automation"childNodes: NodeList [text]children: HTMLCollection []classList: DOMTokenList [value: '']contentEditable: "inherit"currentCSSZoom: 1dataset: DOMStringMap {}draggable: truefirstChild: texthost: "help.trello.com"hostname: "help.trello.com"href: "http://help.trello.com/article/771-loading-resources-from-trellos-cdn"innerHTML: "\n          troubleshooting guide "innerText: "\n          troubleshooting guide "isConnected: truelastChild: textlocalName: "a"namespaceURI: "http://www.w3.org/1999/xhtml"nextElementSibling: hrnextSibling: textnodeName: "A"nodeType: 1origin: "http://help.trello.com"outerHTML: "<a href=\"http://help.trello.com/article/771-loading-resources-from-trellos-cdn\">\n          troubleshooting guide </a>"outerText: "\n          troubleshooting guide "ownerDocument: documentparentElement: div#nocssparentNode: div#nocsspart: DOMTokenList [value: '']pathname: "/article/771-loading-resources-from-trellos-cdn"previousElementSibling: brpreviousSibling: textprotocol: "http:"relList: DOMTokenList [value: '']spellcheck: truestyle: CSSStyleDeclaration {accentColor: '', additiveSymbols: '', alignContent: '', alignItems: '', alignSelf: '', …}tagName: "A"text: "\n          troubleshooting guide "textContent: "\n          troubleshooting guide "translate: truewritingSuggestions: "true"[[Prototype]]: HTMLAnchorElement1: a2: a3: a.gXTcZ65CPbGvKg.Ffa7hfq4foJu4g.nieacUwCf8QKC24: a#cookiesTrackingNoticeLink.css-y4jab1length: 5[[Prototype]]: NodeList
document.querySelectorAll('#trello-root')
NodeList [div#trello-root.edg.edg-145.windows.body-board-view]0: div#trello-root.edg.edg-145.windows.body-board-viewlength: 1[[Prototype]]: NodeList
document.querySelector('#notification')
null
document.querySelector('p#notification')
null
document.querySelector('div#notification')
null
document.querySelector('.js-react-root')
<div class=​"js-react-root">​<div class=​"OvvZPv959uL2HC" id=​"layer-manager-alert">​</div>​<div class=​"dgcxFxOT9GNlkj" id=​"layer-manager-flag">​…​</div>​<div class=​"rS_fRLERojcxuz" id=​"layer-manager-overlay">​</div>​<div class=​"S_A3Rn6gbBmD3l window-wrapper" id=​"layer-manager-card-back">​</div>​<div class=​"Ugs00R5UiGe81t" id=​"layer-manager-discovery-ad">​…​</div>​<div tabindex=​"-1" class=​"HqZ4asQ2Nb10Li" id=​"layer-manager-popover">​</div>​<div class=​"yGWguyUrzUcgEN" id=​"layer-manager-tooltip">​</div>​</div>​
document.querySelector('div.js-react-root')
<div class=​"js-react-root">​<div class=​"OvvZPv959uL2HC" id=​"layer-manager-alert">​</div>​<div class=​"dgcxFxOT9GNlkj" id=​"layer-manager-flag">​…​</div>​<div class=​"rS_fRLERojcxuz" id=​"layer-manager-overlay">​</div>​<div class=​"S_A3Rn6gbBmD3l window-wrapper" id=​"layer-manager-card-back">​</div>​<div class=​"Ugs00R5UiGe81t" id=​"layer-manager-discovery-ad">​…​</div>​<div tabindex=​"-1" class=​"HqZ4asQ2Nb10Li" id=​"layer-manager-popover">​</div>​<div class=​"yGWguyUrzUcgEN" id=​"layer-manager-tooltip">​</div>​</div>​
document.querySelectorAll('.edg edg-145 windows body-board-view')
NodeList [][[Prototype]]: NodeList
document.querySelectorAll('.edg.edg-145.windows.body-board-view')
NodeList [div#trello-root.edg.edg-145.windows.body-board-view]0: div#trello-root.edg.edg-145.windows.body-board-viewlength: 1[[Prototype]]: NodeListentries: ƒ entries()forEach: ƒ forEach()item: ƒ item()keys: ƒ keys()length: (...)values: ƒ values()constructor: ƒ NodeList()Symbol(Symbol.iterator): ƒ values()Symbol(Symbol.toStringTag): "NodeList"get length: ƒ length()[[Prototype]]: Object
document.querySelectorAll('input[type="text]')
NodeList [][[Prototype]]: NodeListentries: ƒ entries()length: 0name: "entries"arguments: (...)caller: (...)[[Prototype]]: ƒ ()[[Scopes]]: Scopes[0]forEach: ƒ forEach()length: 1name: "forEach"arguments: (...)caller: (...)[[Prototype]]: ƒ ()[[Scopes]]: Scopes[0]item: ƒ item()keys: ƒ keys()length: (...)values: ƒ values()constructor: ƒ NodeList()Symbol(Symbol.iterator): ƒ values()Symbol(Symbol.toStringTag): "NodeList"get length: ƒ length()[[Prototype]]: Object
document.querySelectorAll('input[type="text]')
NodeList [][[Prototype]]: NodeListentries: ƒ entries()length: 0name: "entries"arguments: (...)caller: (...)[[Prototype]]: ƒ ()[[Scopes]]: Scopes[0]forEach: ƒ forEach()item: ƒ item()keys: ƒ keys()length: 0name: "keys"arguments: (...)caller: (...)[[Prototype]]: ƒ ()[[Scopes]]: Scopes[0]length: (...)values: ƒ values()constructor: ƒ NodeList()Symbol(Symbol.iterator): ƒ values()Symbol(Symbol.toStringTag): "NodeList"get length: ƒ length()[[Prototype]]: Object
